Resolving dependencies...
Downloading packages...
  characters 1.4.0 (1.4.1 available)
  ffi 2.1.5 (2.2.0 available)
  flutter_local_notifications 17.2.4 (20.1.0 available)
  flutter_local_notifications_linux 4.0.1 (7.0.0 available)
  flutter_local_notifications_platform_interface 7.2.0 (10.0.0 available)
  flutter_map 7.0.2 (8.2.2 available)
  flutter_secure_storage 9.2.4 (10.0.0 available)
  flutter_secure_storage_linux 1.2.3 (3.0.0 available)
  flutter_secure_storage_macos 3.1.3 (4.0.0 available)
  flutter_secure_storage_platform_interface 1.1.2 (2.0.1 available)
  flutter_secure_storage_web 1.2.1 (2.1.0 available)
  flutter_secure_storage_windows 3.1.2 (4.1.0 available)
  geocoding 3.0.0 (4.0.0 available)
  geocoding_android 3.3.1 (5.0.0 available)
  geocoding_platform_interface 3.2.0 (5.0.0 available)
  geolocator 11.1.0 (14.0.2 available)
  geolocator_android 4.6.2 (5.0.2 available)
  geolocator_web 3.0.0 (4.1.3 available)
  intl 0.19.0 (0.20.2 available)
  js 0.6.7 (0.7.2 available)
  json_annotation 4.10.0 (4.11.0 available)
  matcher 0.12.17 (0.12.18 available)
  material_color_utilities 0.11.1 (0.13.0 available)
  meta 1.17.0 (1.18.1 available)
  mgrs_dart 2.0.0 (3.0.0 available)
  mime 1.0.6 (2.0.0 available)
  permission_handler 11.4.0 (12.0.1 available)
  permission_handler_android 12.1.0 (13.0.1 available)
  petitparser 7.0.1 (7.0.2 available)
  proj4dart 2.1.0 (3.0.0 available)
  sensors_plus 4.0.2 (7.0.0 available)
  sensors_plus_platform_interface 1.2.0 (2.0.1 available)
  share_plus 7.2.2 (12.0.1 available)
  share_plus_platform_interface 3.4.0 (6.1.0 available)
  test_api 0.7.7 (0.7.9 available)
  timezone 0.9.4 (0.11.0 available)
  unicode 0.3.1 (1.1.9 available)
  url_launcher_ios 6.3.6 (6.4.1 available)
  uuid 4.5.2 (4.5.3 available)
  win32 5.15.0 (6.0.0 available)
Got dependencies!
40 packages have newer versions incompatible with dependency constraints.
Try `flutter pub outdated` for more information.
00:00 +0: loading C:/Users/ria81/OneDrive - Coventry University/Dissertation/safety_app/test/services/motion_anomaly_test.dart
00:00 +0: C:/Users/ria81/OneDrive - Coventry University/Dissertation/safety_app/test/services/motion_anomaly_test.dart: (setUpAll)
00:00 +0: C:/Users/ria81/OneDrive - Coventry University/Dissertation/safety_app/test/services/motion_anomaly_test.dart: AnomalyResult model AnomalyResult.normal() produces a benign result
00:00 +1: C:/Users/ria81/OneDrive - Coventry University/Dissertation/safety_app/test/services/motion_anomaly_test.dart: AnomalyResult model Custom anomalous result stores all fields correctly
00:00 +2: C:/Users/ria81/OneDrive - Coventry University/Dissertation/safety_app/test/services/motion_anomaly_test.dart: AnomalyResult model Score of exactly 0.70 is considered anomalous (boundary check)
00:00 +3: C:/Users/ria81/OneDrive - Coventry University/Dissertation/safety_app/test/services/motion_anomaly_test.dart: AnomalyResult model toString includes score and isAnomalous
00:00 +4: C:/Users/ria81/OneDrive - Coventry University/Dissertation/safety_app/test/services/motion_anomaly_test.dart: MotionWindowFeatures model All fields stored correctly
00:00 +5: C:/Users/ria81/OneDrive - Coventry University/Dissertation/safety_app/test/services/motion_anomaly_test.dart: MotionWindowFeatures model toString contains magnitude and peak info
00:00 +6: C:/Users/ria81/OneDrive - Coventry University/Dissertation/safety_app/test/services/motion_anomaly_test.dart: MotionBaseline model empty() baseline is not calibrated
00:00 +7: C:/Users/ria81/OneDrive - Coventry University/Dissertation/safety_app/test/services/motion_anomaly_test.dart: MotionBaseline model Baseline with sampleCount < minCalibrationWindows is not calibrated
00:00 +8: C:/Users/ria81/OneDrive - Coventry University/Dissertation/safety_app/test/services/motion_anomaly_test.dart: MotionBaseline model Baseline with sampleCount == minCalibrationWindows is calibrated
00:00 +9: C:/Users/ria81/OneDrive - Coventry University/Dissertation/safety_app/test/services/motion_anomaly_test.dart: MotionBaseline model Baseline with sampleCount > minCalibrationWindows is calibrated
00:00 +10: C:/Users/ria81/OneDrive - Coventry University/Dissertation/safety_app/test/services/motion_anomaly_test.dart: MotionBaseline model toJson / fromJson round-trip preserves all numeric fields
00:00 +11: C:/Users/ria81/OneDrive - Coventry University/Dissertation/safety_app/test/services/motion_anomaly_test.dart: MotionBaseline model fromJson tolerates missing fields (uses defaults)
00:00 +12: C:/Users/ria81/OneDrive - Coventry University/Dissertation/safety_app/test/services/motion_anomaly_test.dart: MotionBaseline model copyWith selectively overrides fields
00:00 +13: C:/Users/ria81/OneDrive - Coventry University/Dissertation/safety_app/test/services/motion_anomaly_test.dart: MotionBaseline model toString contains magnitude and calibration status
00:00 +14: C:/Users/ria81/OneDrive - Coventry University/Dissertation/safety_app/test/services/motion_anomaly_test.dart: MotionBaseline model Persistence threshold constant is 3 windows
00:00 +15: C:/Users/ria81/OneDrive - Coventry University/Dissertation/safety_app/test/services/motion_anomaly_test.dart: MotionBaselineService.scoreWindow() (setUpAll)
Γ£à Motion baseline loaded: MotionBaseline(magnitude: 9.81┬▒0.5, stepRate: 1.5, samples: 5, calibrated: true)
00:00 +15: C:/Users/ria81/OneDrive - Coventry University/Dissertation/safety_app/test/services/motion_anomaly_test.dart: MotionBaselineService.scoreWindow() TN: normal walking features produce score < 0.70 (not anomalous)
00:00 +16: C:/Users/ria81/OneDrive - Coventry University/Dissertation/safety_app/test/services/motion_anomaly_test.dart: MotionBaselineService.scoreWindow() TP: violent fall features produce score >= 0.70 (anomalous)
00:00 +17: C:/Users/ria81/OneDrive - Coventry University/Dissertation/safety_app/test/services/motion_anomaly_test.dart: MotionBaselineService.scoreWindow() FP mitigation: running for bus score < violent-fall score (persistence design prevents alert from brief bursts)
00:00 +18: C:/Users/ria81/OneDrive - Coventry University/Dissertation/safety_app/test/services/motion_anomaly_test.dart: MotionBaselineService.scoreWindow() Uncalibrated baseline returns normal result regardless of features
00:00 +19: C:/Users/ria81/OneDrive - Coventry University/Dissertation/safety_app/test/services/motion_anomaly_test.dart: MotionBaselineService.scoreWindow() (tearDownAll)
00:00 +19: C:/Users/ria81/OneDrive - Coventry University/Dissertation/safety_app/test/services/motion_anomaly_test.dart: Anomaly design constants Persistence threshold prevents false alerts from brief bursts
00:00 +20: C:/Users/ria81/OneDrive - Coventry University/Dissertation/safety_app/test/services/motion_anomaly_test.dart: Anomaly design constants _sigmaToScore maps known sigma values correctly
00:00 +21: C:/Users/ria81/OneDrive - Coventry University/Dissertation/safety_app/test/services/motion_anomaly_test.dart: Anomaly design constants Expected-peak formula: 3╧â above mean defines normal peak range
00:00 +22: C:/Users/ria81/OneDrive - Coventry University/Dissertation/safety_app/test/services/motion_anomaly_test.dart: (tearDownAll)
00:00 +22: C:/Users/ria81/OneDrive - Coventry University/Dissertation/safety_app/test/services/safe_word_test.dart: SafeWordVerificationResult model Quiet-environment result: all fields stored correctly
00:00 +23: C:/Users/ria81/OneDrive - Coventry University/Dissertation/safety_app/test/services/safe_word_test.dart: SafeWordVerificationResult model isVerified is true only when detected=true AND reasonCode=VERIFIED
00:00 +24: C:/Users/ria81/OneDrive - Coventry University/Dissertation/safety_app/test/services/safe_word_test.dart: SafeWordVerificationResult model Noisy-environment result: LOW_CONFIDENCE reason, shouldRetry=false
00:00 +25: C:/Users/ria81/OneDrive - Coventry University/Dissertation/safety_app/test/services/safe_word_test.dart: SafeWordVerificationResult model Accent variation: VERIFIED when confidence is adequate (ΓëÑ threshold)
00:00 +26: C:/Users/ria81/OneDrive - Coventry University/Dissertation/safety_app/test/services/safe_word_test.dart: SafeWordVerificationResult model Accent variation: LOW_CONFIDENCE when STT fails to transcribe clearly
00:00 +27: C:/Users/ria81/OneDrive - Coventry University/Dissertation/safety_app/test/services/safe_word_test.dart: SafeWordVerificationResult model Wrong phrase: PHRASE_MISMATCH reason, not detected, not an error
00:00 +28: C:/Users/ria81/OneDrive - Coventry University/Dissertation/safety_app/test/services/safe_word_test.dart: SafeWordVerificationResult model Timeout produces error result: isError=true, detected=false
00:00 +29: C:/Users/ria81/OneDrive - Coventry University/Dissertation/safety_app/test/services/safe_word_test.dart: SafeWordVerificationResult model Network error produces error result with correct statusMessage
00:00 +30: C:/Users/ria81/OneDrive - Coventry University/Dissertation/safety_app/test/services/safe_word_test.dart: SafeWordVerificationResult model shouldRetry is true only when requiresMoreMatches=true and not an error
00:00 +31: C:/Users/ria81/OneDrive - Coventry University/Dissertation/safety_app/test/services/safe_word_test.dart: SafeWordVerificationResult model statusMessage covers all known reason codes VERIFIED message includes match count
00:00 +32: C:/Users/ria81/OneDrive - Coventry University/Dissertation/safety_app/test/services/safe_word_test.dart: SafeWordVerificationResult model statusMessage covers all known reason codes INSUFFICIENT_MATCHES shows remaining count
00:00 +33: C:/Users/ria81/OneDrive - Coventry University/Dissertation/safety_app/test/services/safe_word_test.dart: SafeWordVerificationResult model statusMessage covers all known reason codes LOW_CONFIDENCE prompts to speak more clearly
00:00 +34: C:/Users/ria81/OneDrive - Coventry University/Dissertation/safety_app/test/services/safe_word_test.dart: SafeWordVerificationResult model statusMessage covers all known reason codes PHRASE_MISMATCH says not recognized
00:00 +35: C:/Users/ria81/OneDrive - Coventry University/Dissertation/safety_app/test/services/safe_word_test.dart: SafeWordVerificationResult model statusMessage covers all known reason codes Unknown code falls back to raw message
00:00 +36: C:/Users/ria81/OneDrive - Coventry University/Dissertation/safety_app/test/services/safe_word_test.dart: SafeWordConfig model fromJson populates all fields from complete JSON
00:00 +37: C:/Users/ria81/OneDrive - Coventry University/Dissertation/safety_app/test/services/safe_word_test.dart: SafeWordConfig model fromJson uses sensible defaults for missing fields
00:00 +38: C:/Users/ria81/OneDrive - Coventry University/Dissertation/safety_app/test/services/safe_word_test.dart: SafeWordConfig model toString contains key config values
00:00 +39: C:/Users/ria81/OneDrive - Coventry University/Dissertation/safety_app/test/services/safe_word_test.dart: SafeWordConfig model Default config requires 2 matches for verification
00:00 +40: C:/Users/ria81/OneDrive - Coventry University/Dissertation/safety_app/test/services/safe_word_test.dart: SafeWordConfig model Default confidence threshold filters out noisy speech
00:00 +41: C:/Users/ria81/OneDrive - Coventry University/Dissertation/safety_app/test/services/safe_word_test.dart: Environmental scenario matrix A. Quiet + clear speaking ΓåÆ verified on first two matches
00:00 +42: C:/Users/ria81/OneDrive - Coventry University/Dissertation/safety_app/test/services/safe_word_test.dart: Environmental scenario matrix B. Noisy street ΓåÆ NOT verified, prompts user to retry
00:00 +43: C:/Users/ria81/OneDrive - Coventry University/Dissertation/safety_app/test/services/safe_word_test.dart: Environmental scenario matrix C. Non-native accent, quiet room ΓåÆ verified if confidence ΓëÑ threshold
00:00 +44: C:/Users/ria81/OneDrive - Coventry University/Dissertation/safety_app/test/services/safe_word_test.dart: Environmental scenario matrix D. Accidental utterance ΓåÆ PHRASE_MISMATCH, Panic Mode not triggered
00:00 +45: C:/Users/ria81/OneDrive - Coventry University/Dissertation/safety_app/test/services/safe_word_test.dart: Progressive verification (multi-match design) First match: INSUFFICIENT_MATCHES ΓåÆ shouldRetry, matchesNeeded=1
00:00 +46: C:/Users/ria81/OneDrive - Coventry University/Dissertation/safety_app/test/services/safe_word_test.dart: Progressive verification (multi-match design) Second match: VERIFIED ΓåÆ Panic Mode escalation can proceed
00:00 +47: C:/Users/ria81/OneDrive - Coventry University/Dissertation/safety_app/test/services/safe_word_test.dart: Progressive verification (multi-match design) matchesNeeded delta: from 2 required to 1 remaining
00:00 +48: C:/Users/ria81/OneDrive - Coventry University/Dissertation/safety_app/test/services/route_engine_test.dart: RouteOption model safetyPercentage is inverse of overallRiskScore
00:00 +49: C:/Users/ria81/OneDrive - Coventry University/Dissertation/safety_app/test/services/route_engine_test.dart: RouteOption model overallRiskLevel: score < 30 ΓåÆ low
00:00 +50: C:/Users/ria81/OneDrive - Coventry University/Dissertation/safety_app/test/services/route_engine_test.dart: RouteOption model overallRiskLevel: 30 Γëñ score < 60 ΓåÆ medium
00:00 +51: C:/Users/ria81/OneDrive - Coventry University/Dissertation/safety_app/test/services/route_engine_test.dart: RouteOption model overallRiskLevel: score ΓëÑ 60 ΓåÆ high
00:00 +52: C:/Users/ria81/OneDrive - Coventry University/Dissertation/safety_app/test/services/route_engine_test.dart: RouteOption model formattedDistance < 1 000 m is shown in metres (rounded)
00:00 +53: C:/Users/ria81/OneDrive - Coventry University/Dissertation/safety_app/test/services/route_engine_test.dart: RouteOption model formattedDistance exactly 1 000 m is shown in km
00:00 +54: C:/Users/ria81/OneDrive - Coventry University/Dissertation/safety_app/test/services/route_engine_test.dart: RouteOption model formattedDistance > 1 000 m is shown in km with 1 decimal
00:00 +55: C:/Users/ria81/OneDrive - Coventry University/Dissertation/safety_app/test/services/route_engine_test.dart: RouteOption model formattedDuration < 60 min shown in minutes only
00:00 +56: C:/Users/ria81/OneDrive - Coventry University/Dissertation/safety_app/test/services/route_engine_test.dart: RouteOption model formattedDuration exactly 60 min shown as 1h 0m
00:00 +57: C:/Users/ria81/OneDrive - Coventry University/Dissertation/safety_app/test/services/route_engine_test.dart: RouteOption model formattedDuration 90 min shown as 1h 30m
00:00 +58: C:/Users/ria81/OneDrive - Coventry University/Dissertation/safety_app/test/services/route_engine_test.dart: RouteOption model routeType returns routeId string
00:00 +59: C:/Users/ria81/OneDrive - Coventry University/Dissertation/safety_app/test/services/route_engine_test.dart: RouteSegment risk predicates riskScore < 30 ΓåÆ isLowRisk=true, others false
00:00 +60: C:/Users/ria81/OneDrive - Coventry University/Dissertation/safety_app/test/services/route_engine_test.dart: RouteSegment risk predicates 30 Γëñ riskScore Γëñ 60 ΓåÆ isMediumRisk=true
00:00 +61: C:/Users/ria81/OneDrive - Coventry University/Dissertation/safety_app/test/services/route_engine_test.dart: RouteSegment risk predicates riskScore > 60 ΓåÆ isHighRisk=true
00:00 +62: C:/Users/ria81/OneDrive - Coventry University/Dissertation/safety_app/test/services/route_engine_test.dart: RouteSegment risk predicates formattedDistance < 1 km shown in metres
00:00 +63: C:/Users/ria81/OneDrive - Coventry University/Dissertation/safety_app/test/services/route_engine_test.dart: RouteSegment risk predicates formattedDistance ΓëÑ 1 km shown in km
00:00 +64: C:/Users/ria81/OneDrive - Coventry University/Dissertation/safety_app/test/services/route_engine_test.dart: RouteAnalysis explanation quality summary is non-empty
00:00 +65: C:/Users/ria81/OneDrive - Coventry University/Dissertation/safety_app/test/services/route_engine_test.dart: RouteAnalysis explanation quality safetyReasons is non-empty
00:00 +66: C:/Users/ria81/OneDrive - Coventry University/Dissertation/safety_app/test/services/route_engine_test.dart: RouteAnalysis explanation quality briefExplanation combines summary with first safetyReason
00:00 +67: C:/Users/ria81/OneDrive - Coventry University/Dissertation/safety_app/test/services/route_engine_test.dart: RouteAnalysis explanation quality briefExplanation falls back to summary when safetyReasons is empty
00:00 +68: C:/Users/ria81/OneDrive - Coventry University/Dissertation/safety_app/test/services/route_engine_test.dart: RouteAnalysis explanation quality avoidedZones listed when route detours around risk areas
00:00 +69: C:/Users/ria81/OneDrive - Coventry University/Dissertation/safety_app/test/services/route_engine_test.dart: RouteAnalysis explanation quality Comparison chip present on safest route
00:00 +70: C:/Users/ria81/OneDrive - Coventry University/Dissertation/safety_app/test/services/route_engine_test.dart: ComparisonData model comparisonStatement when riskDifference > 0 mentions percentage
00:00 +71: C:/Users/ria81/OneDrive - Coventry University/Dissertation/safety_app/test/services/route_engine_test.dart: ComparisonData model comparisonStatement when riskDifference = 0 says similar safety
00:00 +72: C:/Users/ria81/OneDrive - Coventry University/Dissertation/safety_app/test/services/route_engine_test.dart: ComparisonData model Route 1 is always the comparison "other" route name in chip
00:00 +73: C:/Users/ria81/OneDrive - Coventry University/Dissertation/safety_app/test/services/route_engine_test.dart: BackendRouteExplanation model Summary is non-empty and meaningful
00:00 +74: C:/Users/ria81/OneDrive - Coventry University/Dissertation/safety_app/test/services/route_engine_test.dart: BackendRouteExplanation model Details string provides quantitative context
00:00 +75: C:/Users/ria81/OneDrive - Coventry University/Dissertation/safety_app/test/services/route_engine_test.dart: BackendRouteExplanation model Warnings list is accessible and can be non-empty
00:00 +76: C:/Users/ria81/OneDrive - Coventry University/Dissertation/safety_app/test/services/route_engine_test.dart: BackendRouteExplanation model safetyScore is within 0ΓÇô100 range
00:00 +77: C:/Users/ria81/OneDrive - Coventry University/Dissertation/safety_app/test/services/route_engine_test.dart: BackendRouteExplanation model riskLevel is a valid string value
00:00 +78: C:/Users/ria81/OneDrive - Coventry University/Dissertation/safety_app/test/services/route_engine_test.dart: BackendRouteExplanation model isWithinLatencyBudget=true when latency < 2 000 ms
00:00 +79: C:/Users/ria81/OneDrive - Coventry University/Dissertation/safety_app/test/services/route_engine_test.dart: BackendRouteExplanation model isWithinLatencyBudget=false when latency >= 2 000 ms (budget exceeded)
00:00 +80: C:/Users/ria81/OneDrive - Coventry University/Dissertation/safety_app/test/services/route_engine_test.dart: BackendRouteExplanation model Explanation is deterministic (same inputs ΓåÆ same field values)
00:00 +81: C:/Users/ria81/OneDrive - Coventry University/Dissertation/safety_app/test/services/route_engine_test.dart: Route ordering contract Routes are sorted ascending by overallRiskScore
00:00 +82: C:/Users/ria81/OneDrive - Coventry University/Dissertation/safety_app/test/services/route_engine_test.dart: Route ordering contract Safest route (index 0) has the lowest risk score
00:00 +83: C:/Users/ria81/OneDrive - Coventry University/Dissertation/safety_app/test/services/route_engine_test.dart: Route ordering contract Three routes always returned (safe, balanced, direct)
00:00 +84: C:/Users/ria81/OneDrive - Coventry University/Dissertation/safety_app/test/services/route_engine_test.dart: Route ordering contract Safest route has comparisonWithAlternative chip
00:00 +85: C:/Users/ria81/OneDrive - Coventry University/Dissertation/safety_app/test/services/route_engine_test.dart: Route ordering contract Non-safest routes may have null comparisonWithAlternative
00:00 +86: C:/Users/ria81/OneDrive - Coventry University/Dissertation/safety_app/test/services/route_engine_test.dart: Route ordering contract RiskLevel thresholds drive route labelling correctly
00:00 +87: C:/Users/ria81/OneDrive - Coventry University/Dissertation/safety_app/test/services/route_engine_test.dart: EscalationAck model Successful ack has correct fields
00:00 +88: C:/Users/ria81/OneDrive - Coventry University/Dissertation/safety_app/test/services/route_engine_test.dart: EscalationAck model Failure ack (network down) has correct fields
00:00 +89: C:/Users/ria81/OneDrive - Coventry University/Dissertation/safety_app/test/services/system_resilience_test.dart: No internet / backend offline SafeWordVerificationResult.error() never causes a crash
00:00 +90: C:/Users/ria81/OneDrive - Coventry University/Dissertation/safety_app/test/services/system_resilience_test.dart: No internet / backend offline EscalationAck failure: success=false, non-null latencyMs
00:00 +91: C:/Users/ria81/OneDrive - Coventry University/Dissertation/safety_app/test/services/system_resilience_test.dart: No internet / backend offline IntegrationPipelineService invalidateHealthCache resets cached state
00:00 +92: C:/Users/ria81/OneDrive - Coventry University/Dissertation/safety_app/test/services/system_resilience_test.dart: No internet / backend offline BackendRouteExplanation null represents graceful degradation
00:00 +93: C:/Users/ria81/OneDrive - Coventry University/Dissertation/safety_app/test/services/system_resilience_test.dart: No internet / backend offline EscalationAck latency is always populated regardless of success
00:00 +94: C:/Users/ria81/OneDrive - Coventry University/Dissertation/safety_app/test/services/system_resilience_test.dart: No GPS / location unavailable buildAlertMetadata with null lat/lon stores trigger correctly
ΓÜí PanicEscalationService initialized (session: test-001)
≡ƒÜ¿ Trigger: manualSOS (current stage: monitoring)
≡ƒöä Escalation: monitoring ΓåÆ checkIn (Manual SOS)
ΓÜí PanicEscalationService disposed
00:00 +95: C:/Users/ria81/OneDrive - Coventry University/Dissertation/safety_app/test/services/system_resilience_test.dart: No GPS / location unavailable AlertMetadata.timestamp is always populated (not dependent on GPS)
00:00 +95: C:/Users/ria81/OneDrive - Coventry University/Dissertation/safety_app/test/services/system_resilience_test.dart: No GPS / location unavailable buildAlertMetadata with null lat/lon stores trigger correctly
Error logging event: MissingPluginException(No implementation found for method getAll on channel plugins.flutter.io/shared_preferences)
00:00 +95: C:/Users/ria81/OneDrive - Coventry University/Dissertation/safety_app/test/services/system_resilience_test.dart: No GPS / location unavailable AlertMetadata.timestamp is always populated (not dependent on GPS)
ΓÜí PanicEscalationService initialized (session: test-001)
≡ƒÜ¿ Trigger: manualSOS (current stage: monitoring)
≡ƒöä Escalation: monitoring ΓåÆ checkIn (Manual SOS)
ΓÜí PanicEscalationService disposed
00:00 +96: C:/Users/ria81/OneDrive - Coventry University/Dissertation/safety_app/test/services/system_resilience_test.dart: No GPS / location unavailable AlertMetadata stores anomaly info when motion data collected before GPS fails
00:00 +96: C:/Users/ria81/OneDrive - Coventry University/Dissertation/safety_app/test/services/system_resilience_test.dart: No GPS / location unavailable AlertMetadata.timestamp is always populated (not dependent on GPS)
Error logging event: MissingPluginException(No implementation found for method getAll on channel plugins.flutter.io/shared_preferences)
00:00 +96: C:/Users/ria81/OneDrive - Coventry University/Dissertation/safety_app/test/services/system_resilience_test.dart: No GPS / location unavailable AlertMetadata stores anomaly info when motion data collected before GPS fails
ΓÜí PanicEscalationService initialized (session: test-001)
≡ƒô│ Trigger: motionAnomaly (score=0.88, consecutive=3, stage=monitoring)
≡ƒöä Escalation: monitoring ΓåÆ checkIn (Motion Anomaly)
ΓÜí PanicEscalationService disposed
00:00 +97: C:/Users/ria81/OneDrive - Coventry University/Dissertation/safety_app/test/services/system_resilience_test.dart: Permissions denied Panic escalation via manualSOS works without sensor permissions
00:00 +97: C:/Users/ria81/OneDrive - Coventry University/Dissertation/safety_app/test/services/system_resilience_test.dart: No GPS / location unavailable AlertMetadata stores anomaly info when motion data collected before GPS fails
Error logging event: MissingPluginException(No implementation found for method getAll on channel plugins.flutter.io/shared_preferences)
00:00 +97: C:/Users/ria81/OneDrive - Coventry University/Dissertation/safety_app/test/services/system_resilience_test.dart: Permissions denied Panic escalation via manualSOS works without sensor permissions
ΓÜí PanicEscalationService initialized (session: test-001)
≡ƒÜ¿ Trigger: manualSOS (current stage: monitoring)
≡ƒöä Escalation: monitoring ΓåÆ checkIn (Manual SOS)
ΓÜí PanicEscalationService disposed
00:00 +98: C:/Users/ria81/OneDrive - Coventry University/Dissertation/safety_app/test/services/system_resilience_test.dart: Permissions denied Safe word error result does not crash escalation state machine
00:00 +98: C:/Users/ria81/OneDrive - Coventry University/Dissertation/safety_app/test/services/system_resilience_test.dart: Permissions denied Panic escalation via manualSOS works without sensor permissions
Error logging event: MissingPluginException(No implementation found for method getAll on channel plugins.flutter.io/shared_preferences)
00:00 +98: C:/Users/ria81/OneDrive - Coventry University/Dissertation/safety_app/test/services/system_resilience_test.dart: Permissions denied Safe word error result does not crash escalation state machine
ΓÜí PanicEscalationService initialized (session: test-001)
ΓÜí PanicEscalationService disposed
00:00 +99: C:/Users/ria81/OneDrive - Coventry University/Dissertation/safety_app/test/services/system_resilience_test.dart: Permissions denied Notification-denied scenario: EscalationAck still returned
00:00 +100: C:/Users/ria81/OneDrive - Coventry University/Dissertation/safety_app/test/services/system_resilience_test.dart: Permissions denied Uncalibrated motion service returns benign (no-alert) result
00:00 +101: C:/Users/ria81/OneDrive - Coventry University/Dissertation/safety_app/test/services/system_resilience_test.dart: PanicEscalationService state machine robustness Terminal states (resolved, cancelled) ignore further triggers
ΓÜí PanicEscalationService initialized (session: test-001)
≡ƒÜ¿ Trigger: manualSOS (current stage: monitoring)
≡ƒöä Escalation: monitoring ΓåÆ checkIn (Manual SOS)
≡ƒ¢æ User cancelled panic mode (stage=checkIn)
≡ƒöä Escalation: checkIn ΓåÆ cancelled (User Cancelled)
≡ƒÜ¿ Trigger: manualSOS (current stage: cancelled)
≡ƒô│ Trigger: motionAnomaly (score=0.99, consecutive=5, stage=cancelled)
≡ƒ¢æ User cancelled panic mode (stage=cancelled)
ΓÜí PanicEscalationService disposed
00:00 +102: C:/Users/ria81/OneDrive - Coventry University/Dissertation/safety_app/test/services/system_resilience_test.dart: PanicEscalationService state machine robustness Duplicate consecutive triggers are deduplicated in history
00:00 +102: C:/Users/ria81/OneDrive - Coventry University/Dissertation/safety_app/test/services/system_resilience_test.dart: PanicEscalationService state machine robustness Terminal states (resolved, cancelled) ignore further triggers
Error logging event: MissingPluginException(No implementation found for method getAll on channel plugins.flutter.io/shared_preferences)
Error logging event: MissingPluginException(No implementation found for method getAll on channel plugins.flutter.io/shared_preferences)
00:00 +102: C:/Users/ria81/OneDrive - Coventry University/Dissertation/safety_app/test/services/system_resilience_test.dart: PanicEscalationService state machine robustness Duplicate consecutive triggers are deduplicated in history
ΓÜí PanicEscalationService initialized (session: test-001)
≡ƒÜ¿ Trigger: manualSOS (current stage: monitoring)
≡ƒöä Escalation: monitoring ΓåÆ checkIn (Manual SOS)
≡ƒÜ¿ Trigger: manualSOS (current stage: checkIn)
≡ƒöä Escalation: checkIn ΓåÆ dispatching (Manual SOS)
≡ƒÜ¿ Trigger: manualSOS (current stage: dispatching)
ΓÜí PanicEscalationService disposed
00:00 +103: C:/Users/ria81/OneDrive - Coventry University/Dissertation/safety_app/test/services/system_resilience_test.dart: PanicEscalationService state machine robustness cancelAll() from monitoring ΓåÆ cancelled
00:00 +103: C:/Users/ria81/OneDrive - Coventry University/Dissertation/safety_app/test/services/system_resilience_test.dart: PanicEscalationService state machine robustness Duplicate consecutive triggers are deduplicated in history
Error logging event: MissingPluginException(No implementation found for method getAll on channel plugins.flutter.io/shared_preferences)
Error logging event: MissingPluginException(No implementation found for method getAll on channel plugins.flutter.io/shared_preferences)
00:00 +103: C:/Users/ria81/OneDrive - Coventry University/Dissertation/safety_app/test/services/system_resilience_test.dart: PanicEscalationService state machine robustness cancelAll() from monitoring ΓåÆ cancelled
ΓÜí PanicEscalationService initialized (session: test-001)
≡ƒ¢æ User cancelled panic mode (stage=monitoring)
≡ƒöä Escalation: monitoring ΓåÆ cancelled (User Cancelled)
ΓÜí PanicEscalationService disposed
00:00 +104: C:/Users/ria81/OneDrive - Coventry University/Dissertation/safety_app/test/services/system_resilience_test.dart: PanicEscalationService state machine robustness cancelAll() from monitoring ΓåÆ cancelled
Error logging event: MissingPluginException(No implementation found for method getAll on channel plugins.flutter.io/shared_preferences)
00:00 +104: C:/Users/ria81/OneDrive - Coventry University/Dissertation/safety_app/test/services/system_resilience_test.dart: PanicEscalationService state machine robustness cancelAll() from checkIn ΓåÆ cancelled
ΓÜí PanicEscalationService initialized (session: test-001)
≡ƒÜ¿ Trigger: manualSOS (current stage: monitoring)
≡ƒöä Escalation: monitoring ΓåÆ checkIn (Manual SOS)
≡ƒ¢æ User cancelled panic mode (stage=checkIn)
≡ƒöä Escalation: checkIn ΓåÆ cancelled (User Cancelled)
ΓÜí PanicEscalationService disposed
00:00 +105: C:/Users/ria81/OneDrive - Coventry University/Dissertation/safety_app/test/services/system_resilience_test.dart: PanicEscalationService state machine robustness Safe word from monitoring ΓåÆ dispatching (bypasses checkIn)
00:00 +105: C:/Users/ria81/OneDrive - Coventry University/Dissertation/safety_app/test/services/system_resilience_test.dart: PanicEscalationService state machine robustness cancelAll() from checkIn ΓåÆ cancelled
Error logging event: MissingPluginException(No implementation found for method getAll on channel plugins.flutter.io/shared_preferences)
Error logging event: MissingPluginException(No implementation found for method getAll on channel plugins.flutter.io/shared_preferences)
00:00 +105: C:/Users/ria81/OneDrive - Coventry University/Dissertation/safety_app/test/services/system_resilience_test.dart: PanicEscalationService state machine robustness Safe word from monitoring ΓåÆ dispatching (bypasses checkIn)
ΓÜí PanicEscalationService initialized (session: test-001)
≡ƒöÉ Trigger: safeWord (confidence=0.91, api=true, stage=monitoring)
≡ƒöä Escalation: monitoring ΓåÆ dispatching (Safe Word Detected)
ΓÜí PanicEscalationService disposed
00:00 +106: C:/Users/ria81/OneDrive - Coventry University/Dissertation/safety_app/test/services/system_resilience_test.dart: PanicEscalationService state machine robustness Safe word from checkIn ΓåÆ dispatching
00:00 +106: C:/Users/ria81/OneDrive - Coventry University/Dissertation/safety_app/test/services/system_resilience_test.dart: PanicEscalationService state machine robustness Safe word from monitoring ΓåÆ dispatching (bypasses checkIn)
Error logging event: MissingPluginException(No implementation found for method getAll on channel plugins.flutter.io/shared_preferences)
00:00 +106: C:/Users/ria81/OneDrive - Coventry University/Dissertation/safety_app/test/services/system_resilience_test.dart: PanicEscalationService state machine robustness Safe word from checkIn ΓåÆ dispatching
ΓÜí PanicEscalationService initialized (session: test-001)
≡ƒÜ¿ Trigger: manualSOS (current stage: monitoring)
≡ƒöä Escalation: monitoring ΓåÆ checkIn (Manual SOS)
≡ƒöÉ Trigger: safeWord (confidence=0.87, api=true, stage=checkIn)
≡ƒöä Escalation: checkIn ΓåÆ dispatching (Safe Word Detected)
ΓÜí PanicEscalationService disposed
00:00 +107: C:/Users/ria81/OneDrive - Coventry University/Dissertation/safety_app/test/services/system_resilience_test.dart: Error propagation & stage guards triggerHistory preserves insertion order
00:00 +107: C:/Users/ria81/OneDrive - Coventry University/Dissertation/safety_app/test/services/system_resilience_test.dart: PanicEscalationService state machine robustness Safe word from checkIn ΓåÆ dispatching
Error logging event: MissingPluginException(No implementation found for method getAll on channel plugins.flutter.io/shared_preferences)
Error logging event: MissingPluginException(No implementation found for method getAll on channel plugins.flutter.io/shared_preferences)
00:00 +107: C:/Users/ria81/OneDrive - Coventry University/Dissertation/safety_app/test/services/system_resilience_test.dart: Error propagation & stage guards triggerHistory preserves insertion order
ΓÜí PanicEscalationService initialized (session: test-001)
≡ƒÜ¿ Trigger: manualSOS (current stage: monitoring)
≡ƒöä Escalation: monitoring ΓåÆ checkIn (Manual SOS)
≡ƒô│ Trigger: motionAnomaly (score=0.9, consecutive=3, stage=checkIn)
≡ƒöä Escalation: checkIn ΓåÆ countdown (Motion Anomaly)
ΓÜí PanicEscalationService disposed
00:00 +108: C:/Users/ria81/OneDrive - Coventry University/Dissertation/safety_app/test/services/system_resilience_test.dart: Error propagation & stage guards respondOkay() from monitoring stage is a no-op
00:00 +108: C:/Users/ria81/OneDrive - Coventry University/Dissertation/safety_app/test/services/system_resilience_test.dart: Error propagation & stage guards triggerHistory preserves insertion order
Error logging event: MissingPluginException(No implementation found for method getAll on channel plugins.flutter.io/shared_preferences)
Error logging event: MissingPluginException(No implementation found for method getAll on channel plugins.flutter.io/shared_preferences)
00:00 +108: C:/Users/ria81/OneDrive - Coventry University/Dissertation/safety_app/test/services/system_resilience_test.dart: Error propagation & stage guards respondOkay() from monitoring stage is a no-op
ΓÜí PanicEscalationService initialized (session: test-001)
Γ£à User responded okay (stage=monitoring)
ΓÜí PanicEscalationService disposed
00:00 +109: C:/Users/ria81/OneDrive - Coventry University/Dissertation/safety_app/test/services/system_resilience_test.dart: Error propagation & stage guards respondHelp() from monitoring stage is a no-op
ΓÜí PanicEscalationService initialized (session: test-001)
≡ƒåÿ User requested help from check-in (stage=monitoring)
ΓÜí PanicEscalationService disposed
00:00 +110: C:/Users/ria81/OneDrive - Coventry University/Dissertation/safety_app/test/services/system_resilience_test.dart: Error propagation & stage guards markResolved() from non-dispatching stage is a no-op
ΓÜí PanicEscalationService initialized (session: test-001)
ΓÜí PanicEscalationService disposed
00:00 +111: C:/Users/ria81/OneDrive - Coventry University/Dissertation/safety_app/test/services/system_resilience_test.dart: Error propagation & stage guards markResolved() from dispatching stage ΓåÆ resolved
ΓÜí PanicEscalationService initialized (session: test-001)
≡ƒöÉ Trigger: safeWord (confidence=0.9, api=true, stage=monitoring)
≡ƒöä Escalation: monitoring ΓåÆ dispatching (Safe Word Detected)
≡ƒöä Escalation: dispatching ΓåÆ resolved (Safe Word Detected)
ΓÜí PanicEscalationService disposed
00:00 +112: C:/Users/ria81/OneDrive - Coventry University/Dissertation/safety_app/test/services/system_resilience_test.dart: Error propagation & stage guards Initialize with new sessionId resets all state
00:00 +112: C:/Users/ria81/OneDrive - Coventry University/Dissertation/safety_app/test/services/system_resilience_test.dart: Error propagation & stage guards markResolved() from dispatching stage ΓåÆ resolved
Error logging event: MissingPluginException(No implementation found for method getAll on channel plugins.flutter.io/shared_preferences)
Error logging event: MissingPluginException(No implementation found for method getAll on channel plugins.flutter.io/shared_preferences)
00:00 +112: C:/Users/ria81/OneDrive - Coventry University/Dissertation/safety_app/test/services/system_resilience_test.dart: Error propagation & stage guards Initialize with new sessionId resets all state
ΓÜí PanicEscalationService initialized (session: old)
≡ƒÜ¿ Trigger: manualSOS (current stage: monitoring)
≡ƒöä Escalation: monitoring ΓåÆ checkIn (Manual SOS)
ΓÜí PanicEscalationService initialized (session: new)
ΓÜí PanicEscalationService disposed
00:00 +113: C:/Users/ria81/OneDrive - Coventry University/Dissertation/safety_app/test/services/system_resilience_test.dart: Error propagation & stage guards EscalationTrigger labels are non-empty for all cases
00:00 +113: C:/Users/ria81/OneDrive - Coventry University/Dissertation/safety_app/test/services/system_resilience_test.dart: Error propagation & stage guards Initialize with new sessionId resets all state
Error logging event: MissingPluginException(No implementation found for method getAll on channel plugins.flutter.io/shared_preferences)
00:00 +114: C:/Users/ria81/OneDrive - Coventry University/Dissertation/safety_app/test/services/system_resilience_test.dart: Error propagation & stage guards EscalationStage values cover all 6 stages
00:00 +115: C:/Users/ria81/OneDrive - Coventry University/Dissertation/safety_app/test/services/system_resilience_test.dart: Error propagation & stage guards checkIn and countdown duration constants are within design bounds
00:00 +116: C:/Users/ria81/OneDrive - Coventry University/Dissertation/safety_app/test/services/performance_test.dart: 1. Anomaly score computation latency 1 000 _sigmaToScore() calls complete in < 100 ms
00:00 +117: C:/Users/ria81/OneDrive - Coventry University/Dissertation/safety_app/test/services/performance_test.dart: 1. Anomaly score computation latency 100 full anomaly-score computations complete in < 50 ms
00:00 +118: C:/Users/ria81/OneDrive - Coventry University/Dissertation/safety_app/test/services/performance_test.dart: 2. Feature extraction arithmetic latency Mean + variance over 30 readings takes < 5 ms
00:00 +119: C:/Users/ria81/OneDrive - Coventry University/Dissertation/safety_app/test/services/performance_test.dart: 2. Feature extraction arithmetic latency Jerk calculation over 30 readings takes < 5 ms
00:00 +120: C:/Users/ria81/OneDrive - Coventry University/Dissertation/safety_app/test/services/performance_test.dart: 2. Feature extraction arithmetic latency Complete feature pipeline (300 readings = 15 s of data) < 20 ms
00:00 +121: C:/Users/ria81/OneDrive - Coventry University/Dissertation/safety_app/test/services/performance_test.dart: 3. Route explanation latency budget Safety Mode budget constant is exactly 2 000 ms
00:00 +122: C:/Users/ria81/OneDrive - Coventry University/Dissertation/safety_app/test/services/performance_test.dart: 3. Route explanation latency budget Typical LAN latency (< 100 ms) is always within budget
00:00 +123: C:/Users/ria81/OneDrive - Coventry University/Dissertation/safety_app/test/services/performance_test.dart: 4. Panic Mode escalation latency budget Escalation timeout budget is 1 500 ms
00:00 +124: C:/Users/ria81/OneDrive - Coventry University/Dissertation/safety_app/test/services/performance_test.dart: 4. Panic Mode escalation latency budget An ack that took exactly 1 499 ms is within budget
00:00 +125: C:/Users/ria81/OneDrive - Coventry University/Dissertation/safety_app/test/services/performance_test.dart: 4. Panic Mode escalation latency budget An ack that took 1 500 ms exceeds the Panic Mode latency budget
00:00 +126: C:/Users/ria81/OneDrive - Coventry University/Dissertation/safety_app/test/services/performance_test.dart: 5. JSON round-trip latency MotionBaseline toJson + fromJson < 50 ms (including JIT warm-up)
00:00 +127: C:/Users/ria81/OneDrive - Coventry University/Dissertation/safety_app/test/services/performance_test.dart: 5. JSON round-trip latency 100 consecutive round-trips complete in < 100 ms (post-JIT warmup)
00:00 +128: C:/Users/ria81/OneDrive - Coventry University/Dissertation/safety_app/test/services/performance_test.dart: 6. Battery-safety: window stride and sampling rate design Sampling rate produces adequate readings per window
00:00 +129: C:/Users/ria81/OneDrive - Coventry University/Dissertation/safety_app/test/services/performance_test.dart: 6. Battery-safety: window stride and sampling rate design Window stride gives Γëñ 2 anomaly checks per second
00:00 +130: C:/Users/ria81/OneDrive - Coventry University/Dissertation/safety_app/test/services/performance_test.dart: 6. Battery-safety: window stride and sampling rate design 3-window persistence threshold adds 1.5 s detection delay (acceptable)
00:00 +131: C:/Users/ria81/OneDrive - Coventry University/Dissertation/safety_app/test/services/performance_test.dart: 6. Battery-safety: window stride and sampling rate design Buffer max (3 s) covers 3 full windows without memory explosion
00:00 +132: All tests passed!
